Component: ARM Compiler 5.06 update 7 (build 960) Tool: armlink [4d3601]

==============================================================================

Section Cross References

    startup.o(RESET) refers to startup.o(STACK) for StackMem
    startup.o(RESET) refers to timer3a.o(i.Timer3A_Handler) for Timer3A_Handler
    startup.o(RESET) refers to lab7grader.o(i.Timer5A_Handler) for Timer5A_Handler
    startup.o(RESET) refers to entry.o(.ARM.Collect$$$$00000000) for __main
    lab7main.o(i.main) refers to pll.o(i.PLL_Init) for PLL_Init
    lab7main.o(i.main) refers to lab7grader.o(i.TExaS_Init) for TExaS_Init
    lab7main.o(i.main) refers to st7735.o(i.ST7735_InitR) for ST7735_InitR
    lab7main.o(i.main) refers to st7735.o(i.ST7735_OutString) for ST7735_OutString
    lab7main.o(i.main) refers to io.o(i.IO_Init) for IO_Init
    lab7main.o(i.main) refers to io.o(i.IO_Touch) for IO_Touch
    lab7main.o(i.main) refers to st7735.o(i.ST7735_FillScreen) for ST7735_FillScreen
    lab7main.o(i.main) refers to st7735.o(i.ST7735_DrawBitmap) for ST7735_DrawBitmap
    lab7main.o(i.main) refers to io.o(i.IO_HeartBeat) for IO_HeartBeat
    lab7main.o(i.main) refers to st7735.o(i.ST7735_SetCursor) for ST7735_SetCursor
    lab7main.o(i.main) refers to st7735.o(i.ST7735_OutUDec) for ST7735_OutUDec
    lab7main.o(i.main) refers to st7735.o(i.ST7735_OutFix) for ST7735_OutFix
    lab7main.o(i.main) refers to lab7main.o(.constdata) for Logo
    io.o(i.IO_Touch) refers to io.o(i.Wait10ms) for Wait10ms
    st7735.o(i.Output_Clear) refers to st7735.o(i.ST7735_FillScreen) for ST7735_FillScreen
    st7735.o(i.Output_Color) refers to st7735.o(i.ST7735_SetTextColor) for ST7735_SetTextColor
    st7735.o(i.Output_Init) refers to st7735.o(i.ST7735_InitR) for ST7735_InitR
    st7735.o(i.Output_Init) refers to st7735.o(i.ST7735_FillScreen) for ST7735_FillScreen
    st7735.o(i.Output_Off) refers to st7735.o(i.Output_Clear) for Output_Clear
    st7735.o(i.Output_On) refers to st7735.o(i.Output_Init) for Output_Init
    st7735.o(i.ST7735_DrawBitmap) refers to st7735.o(i.setAddrWindow) for setAddrWindow
    st7735.o(i.ST7735_DrawBitmap) refers to st7735.o(i.writedata) for writedata
    st7735.o(i.ST7735_DrawBitmap) refers to st7735.o(.data) for _width
    st7735.o(i.ST7735_DrawChar) refers to st7735.o(i.setAddrWindow) for setAddrWindow
    st7735.o(i.ST7735_DrawChar) refers to st7735.o(i.pushColor) for pushColor
    st7735.o(i.ST7735_DrawChar) refers to st7735.o(.data) for _width
    st7735.o(i.ST7735_DrawChar) refers to st7735.o(.constdata) for Font
    st7735.o(i.ST7735_DrawCharS) refers to st7735.o(i.ST7735_DrawPixel) for ST7735_DrawPixel
    st7735.o(i.ST7735_DrawCharS) refers to st7735.o(i.ST7735_FillRect) for ST7735_FillRect
    st7735.o(i.ST7735_DrawCharS) refers to st7735.o(.data) for _width
    st7735.o(i.ST7735_DrawCharS) refers to st7735.o(.constdata) for Font
    st7735.o(i.ST7735_DrawCircle) refers to st7735.o(i.setAddrWindow) for setAddrWindow
    st7735.o(i.ST7735_DrawCircle) refers to st7735.o(i.writedata) for writedata
    st7735.o(i.ST7735_DrawCircle) refers to st7735.o(i.deselect) for deselect
    st7735.o(i.ST7735_DrawCircle) refers to st7735.o(.data) for _width
    st7735.o(i.ST7735_DrawCircle) refers to st7735.o(.constdata) for circle
    st7735.o(i.ST7735_DrawFastHLine) refers to st7735.o(i.setAddrWindow) for setAddrWindow
    st7735.o(i.ST7735_DrawFastHLine) refers to st7735.o(i.writedata) for writedata
    st7735.o(i.ST7735_DrawFastHLine) refers to st7735.o(.data) for _width
    st7735.o(i.ST7735_DrawFastVLine) refers to st7735.o(i.setAddrWindow) for setAddrWindow
    st7735.o(i.ST7735_DrawFastVLine) refers to st7735.o(i.writedata) for writedata
    st7735.o(i.ST7735_DrawFastVLine) refers to st7735.o(.data) for _width
    st7735.o(i.ST7735_DrawPixel) refers to st7735.o(i.setAddrWindow) for setAddrWindow
    st7735.o(i.ST7735_DrawPixel) refers to st7735.o(i.pushColor) for pushColor
    st7735.o(i.ST7735_DrawPixel) refers to st7735.o(.data) for _width
    st7735.o(i.ST7735_DrawSmallCircle) refers to st7735.o(i.setAddrWindow) for setAddrWindow
    st7735.o(i.ST7735_DrawSmallCircle) refers to st7735.o(i.writedata) for writedata
    st7735.o(i.ST7735_DrawSmallCircle) refers to st7735.o(i.deselect) for deselect
    st7735.o(i.ST7735_DrawSmallCircle) refers to st7735.o(.data) for _width
    st7735.o(i.ST7735_DrawSmallCircle) refers to st7735.o(.constdata) for smallCircle
    st7735.o(i.ST7735_DrawString) refers to st7735.o(i.ST7735_DrawCharS) for ST7735_DrawCharS
    st7735.o(i.ST7735_FillRect) refers to st7735.o(i.setAddrWindow) for setAddrWindow
    st7735.o(i.ST7735_FillRect) refers to st7735.o(i.writedata) for writedata
    st7735.o(i.ST7735_FillRect) refers to st7735.o(.data) for _width
    st7735.o(i.ST7735_FillScreen) refers to st7735.o(i.ST7735_FillRect) for ST7735_FillRect
    st7735.o(i.ST7735_FillScreen) refers to st7735.o(.data) for _height
    st7735.o(i.ST7735_InitB) refers to st7735.o(i.commonInit) for commonInit
    st7735.o(i.ST7735_InitB) refers to st7735.o(i.ST7735_SetCursor) for ST7735_SetCursor
    st7735.o(i.ST7735_InitB) refers to st7735.o(i.ST7735_FillScreen) for ST7735_FillScreen
    st7735.o(i.ST7735_InitB) refers to st7735.o(.constdata) for Bcmd
    st7735.o(i.ST7735_InitB) refers to st7735.o(.data) for StTextColor
    st7735.o(i.ST7735_InitR) refers to st7735.o(i.commonInit) for commonInit
    st7735.o(i.ST7735_InitR) refers to st7735.o(i.commandList) for commandList
    st7735.o(i.ST7735_InitR) refers to st7735.o(i.writecommand) for writecommand
    st7735.o(i.ST7735_InitR) refers to st7735.o(i.writedata) for writedata
    st7735.o(i.ST7735_InitR) refers to st7735.o(i.ST7735_SetCursor) for ST7735_SetCursor
    st7735.o(i.ST7735_InitR) refers to st7735.o(i.ST7735_FillScreen) for ST7735_FillScreen
    st7735.o(i.ST7735_InitR) refers to st7735.o(.constdata) for Rcmd1
    st7735.o(i.ST7735_InitR) refers to st7735.o(.data) for ColStart
    st7735.o(i.ST7735_InvertDisplay) refers to st7735.o(i.writecommand) for writecommand
    st7735.o(i.ST7735_OutChar) refers to st7735.o(i.ST7735_DrawString) for ST7735_DrawString
    st7735.o(i.ST7735_OutChar) refers to st7735.o(i.ST7735_DrawCharS) for ST7735_DrawCharS
    st7735.o(i.ST7735_OutChar) refers to st7735.o(.data) for StY
    st7735.o(i.ST7735_OutFix) refers to stringconversion.o(.text) for Fix2String
    st7735.o(i.ST7735_OutFix) refers to st7735.o(i.ST7735_DrawString) for ST7735_DrawString
    st7735.o(i.ST7735_OutFix) refers to st7735.o(i.ST7735_DrawCharS) for ST7735_DrawCharS
    st7735.o(i.ST7735_OutFix) refers to st7735.o(.bss) for Message
    st7735.o(i.ST7735_OutFix) refers to st7735.o(.data) for StY
    st7735.o(i.ST7735_OutString) refers to st7735.o(i.ST7735_OutChar) for ST7735_OutChar
    st7735.o(i.ST7735_OutUDec) refers to stringconversion.o(.text) for Dec2String
    st7735.o(i.ST7735_OutUDec) refers to st7735.o(i.ST7735_DrawString) for ST7735_DrawString
    st7735.o(i.ST7735_OutUDec) refers to st7735.o(i.ST7735_DrawCharS) for ST7735_DrawCharS
    st7735.o(i.ST7735_OutUDec) refers to st7735.o(.bss) for Message
    st7735.o(i.ST7735_OutUDec) refers to st7735.o(.data) for StY
    st7735.o(i.ST7735_PlotBar) refers to st7735.o(i.ST7735_DrawFastVLine) for ST7735_DrawFastVLine
    st7735.o(i.ST7735_PlotBar) refers to st7735.o(.data) for Ymin
    st7735.o(i.ST7735_PlotClear) refers to st7735.o(i.ST7735_Color565) for ST7735_Color565
    st7735.o(i.ST7735_PlotClear) refers to st7735.o(i.ST7735_FillRect) for ST7735_FillRect
    st7735.o(i.ST7735_PlotClear) refers to st7735.o(.data) for Ymax
    st7735.o(i.ST7735_PlotLine) refers to st7735.o(i.ST7735_DrawPixel) for ST7735_DrawPixel
    st7735.o(i.ST7735_PlotLine) refers to st7735.o(.data) for Ymin
    st7735.o(i.ST7735_PlotNext) refers to st7735.o(.data) for X
    st7735.o(i.ST7735_PlotNextErase) refers to st7735.o(i.ST7735_Color565) for ST7735_Color565
    st7735.o(i.ST7735_PlotNextErase) refers to st7735.o(i.ST7735_DrawFastVLine) for ST7735_DrawFastVLine
    st7735.o(i.ST7735_PlotNextErase) refers to st7735.o(.data) for X
    st7735.o(i.ST7735_PlotPoint) refers to st7735.o(i.ST7735_DrawPixel) for ST7735_DrawPixel
    st7735.o(i.ST7735_PlotPoint) refers to st7735.o(.data) for Ymin
    st7735.o(i.ST7735_PlotPoints) refers to st7735.o(i.ST7735_DrawPixel) for ST7735_DrawPixel
    st7735.o(i.ST7735_PlotPoints) refers to st7735.o(.data) for Ymin
    st7735.o(i.ST7735_PlotdBfs) refers to st7735.o(i.ST7735_DrawFastVLine) for ST7735_DrawFastVLine
    st7735.o(i.ST7735_PlotdBfs) refers to st7735.o(.constdata) for dBfs
    st7735.o(i.ST7735_PlotdBfs) refers to st7735.o(.data) for X
    st7735.o(i.ST7735_SetCursor) refers to st7735.o(.data) for StX
    st7735.o(i.ST7735_SetRotation) refers to st7735.o(i.writecommand) for writecommand
    st7735.o(i.ST7735_SetRotation) refers to st7735.o(i.writedata) for writedata
    st7735.o(i.ST7735_SetRotation) refers to st7735.o(.data) for Rotation
    st7735.o(i.ST7735_SetTextColor) refers to st7735.o(.data) for StTextColor
    st7735.o(i.commandList) refers to st7735.o(i.writecommand) for writecommand
    st7735.o(i.commandList) refers to st7735.o(i.writedata) for writedata
    st7735.o(i.commandList) refers to st7735.o(i.Delay1ms) for Delay1ms
    st7735.o(i.commonInit) refers to st7735.o(i.Delay1ms) for Delay1ms
    st7735.o(i.commonInit) refers to st7735.o(i.commandList) for commandList
    st7735.o(i.commonInit) refers to st7735.o(.data) for RowStart
    st7735.o(i.fputc) refers to st7735.o(i.ST7735_OutChar) for ST7735_OutChar
    st7735.o(i.pushColor) refers to st7735.o(i.writedata) for writedata
    st7735.o(i.setAddrWindow) refers to st7735.o(i.writecommand) for writecommand
    st7735.o(i.setAddrWindow) refers to st7735.o(i.writedata) for writedata
    st7735.o(i.setAddrWindow) refers to st7735.o(.data) for ColStart
    st7735.o(i.writecommand) refers to busywait.o(.text) for SPIOutCommand
    st7735.o(i.writedata) refers to busywait.o(.text) for SPIOutData
    timer3a.o(i.Timer3A_Handler) refers to timer3a.o(.data) for PeriodicTask3
    timer3a.o(i.Timer3A_Init) refers to timer3a.o(.data) for PeriodicTask3
    lab7grader.o(i.ClearBit4) refers to timer3a.o(i.Timer3A_Stop) for Timer3A_Stop
    lab7grader.o(i.ClearBit4) refers to lab7grader.o(i.UART0_OutString) for UART0_OutString
    lab7grader.o(i.ClearBit4) refers to lab7grader.o(.data) for GraderTime
    lab7grader.o(i.GradeDec2String) refers to lab7grader.o(i.UART0_OutString) for UART0_OutString
    lab7grader.o(i.GradeDec2String) refers to lab7grader.o(i.Random32) for Random32
    lab7grader.o(i.GradeDec2String) refers to lab7graderwrapper.o(.text) for testDec2String
    lab7grader.o(i.GradeDec2String) refers to strcmp.o(.text) for strcmp
    lab7grader.o(i.GradeDec2String) refers to lab7grader.o(i.UART0_OutUDec) for UART0_OutUDec
    lab7grader.o(i.GradeDec2String) refers to lab7grader.o(i.OutCRLF0) for OutCRLF0
    lab7grader.o(i.GradeDec2String) refers to lab7grader.o(.bss) for yourMessage
    lab7grader.o(i.GradeDec2String) refers to lab7grader.o(.data) for Fail
    lab7grader.o(i.GradeFix2String) refers to lab7grader.o(i.UART0_OutString) for UART0_OutString
    lab7grader.o(i.GradeFix2String) refers to lab7graderwrapper.o(.text) for testFix2String
    lab7grader.o(i.GradeFix2String) refers to strcmp.o(.text) for strcmp
    lab7grader.o(i.GradeFix2String) refers to lab7grader.o(i.UART0_OutUDec) for UART0_OutUDec
    lab7grader.o(i.GradeFix2String) refers to lab7grader.o(i.OutCRLF0) for OutCRLF0
    lab7grader.o(i.GradeFix2String) refers to lab7grader.o(.bss) for yourMessage
    lab7grader.o(i.GradeFix2String) refers to lab7grader.o(.data) for Fail
    lab7grader.o(i.GradeIO_Init) refers to lab7grader.o(i.UART0_OutString) for UART0_OutString
    lab7grader.o(i.GradeIO_Init) refers to io.o(i.IO_Init) for IO_Init
    lab7grader.o(i.GradeIO_Init) refers to lab7grader.o(i.UART0_OutUDec) for UART0_OutUDec
    lab7grader.o(i.GradeIO_Init) refers to lab7grader.o(i.OutCRLF0) for OutCRLF0
    lab7grader.o(i.GradeIO_Init) refers to lab7grader.o(.data) for Score
    lab7grader.o(i.GradeSPIOutCommand) refers to lab7grader.o(i.UART0_OutString) for UART0_OutString
    lab7grader.o(i.GradeSPIOutCommand) refers to timer3a.o(i.Timer3A_Init) for Timer3A_Init
    lab7grader.o(i.GradeSPIOutCommand) refers to startup.o(.text) for EnableInterrupts
    lab7grader.o(i.GradeSPIOutCommand) refers to lab7graderwrapper.o(.text) for testSPIOutCommand
    lab7grader.o(i.GradeSPIOutCommand) refers to timer3a.o(i.Timer3A_Stop) for Timer3A_Stop
    lab7grader.o(i.GradeSPIOutCommand) refers to lab7grader.o(i.UART0_OutUDec) for UART0_OutUDec
    lab7grader.o(i.GradeSPIOutCommand) refers to lab7grader.o(i.OutCRLF0) for OutCRLF0
    lab7grader.o(i.GradeSPIOutCommand) refers to lab7grader.o(.data) for GraderTime
    lab7grader.o(i.GradeSPIOutCommand) refers to lab7grader.o(i.ClearBit4) for ClearBit4
    lab7grader.o(i.GradeSPIOutData) refers to lab7grader.o(i.UART0_OutString) for UART0_OutString
    lab7grader.o(i.GradeSPIOutData) refers to timer3a.o(i.Timer3A_Init) for Timer3A_Init
    lab7grader.o(i.GradeSPIOutData) refers to startup.o(.text) for EnableInterrupts
    lab7grader.o(i.GradeSPIOutData) refers to lab7graderwrapper.o(.text) for testSPIOutData
    lab7grader.o(i.GradeSPIOutData) refers to timer3a.o(i.Timer3A_Stop) for Timer3A_Stop
    lab7grader.o(i.GradeSPIOutData) refers to lab7grader.o(i.UART0_OutUDec) for UART0_OutUDec
    lab7grader.o(i.GradeSPIOutData) refers to lab7grader.o(i.OutCRLF0) for OutCRLF0
    lab7grader.o(i.GradeSPIOutData) refers to lab7grader.o(.data) for GraderTime
    lab7grader.o(i.GradeSPIOutData) refers to lab7grader.o(i.SetBit1) for SetBit1
    lab7grader.o(i.OutCRLF0) refers to lab7grader.o(i.UART0_OutChar) for UART0_OutChar
    lab7grader.o(i.PeriodicTask2_Init) refers to lab7grader.o(.data) for PeriodicTask2
    lab7grader.o(i.Random) refers to lab7grader.o(i.Random32) for Random32
    lab7grader.o(i.Random32) refers to lab7grader.o(.data) for M
    lab7grader.o(i.Random6) refers to lab7grader.o(.data) for M6
    lab7grader.o(i.SetBit1) refers to timer3a.o(i.Timer3A_Stop) for Timer3A_Stop
    lab7grader.o(i.SetBit1) refers to lab7grader.o(i.UART0_OutString) for UART0_OutString
    lab7grader.o(i.SetBit1) refers to lab7grader.o(i.UART0_OutUDec) for UART0_OutUDec
    lab7grader.o(i.SetBit1) refers to lab7grader.o(.data) for GraderTime
    lab7grader.o(i.TExaS_Init) refers to startup.o(.text) for DisableInterrupts
    lab7grader.o(i.TExaS_Init) refers to pll.o(i.PLL_Init) for PLL_Init
    lab7grader.o(i.TExaS_Init) refers to lab7grader.o(i.UART0_Init) for UART0_Init
    lab7grader.o(i.TExaS_Init) refers to lab7grader.o(i.UART0_OutString) for UART0_OutString
    lab7grader.o(i.TExaS_Init) refers to strcmp.o(.text) for strcmp
    lab7grader.o(i.TExaS_Init) refers to lab7grader.o(i.setUpper) for setUpper
    lab7grader.o(i.TExaS_Init) refers to lab7grader.o(i.UART0_OutChar) for UART0_OutChar
    lab7grader.o(i.TExaS_Init) refers to lab7grader.o(i.OutCRLF0) for OutCRLF0
    lab7grader.o(i.TExaS_Init) refers to lab7grader.o(i.PeriodicTask2_Init) for PeriodicTask2_Init
    lab7grader.o(i.TExaS_Init) refers to lab7grader.o(i.ADC1_Init) for ADC1_Init
    lab7grader.o(i.TExaS_Init) refers to lab7grader.o(i.GradeSPIOutCommand) for GradeSPIOutCommand
    lab7grader.o(i.TExaS_Init) refers to lab7grader.o(i.GradeSPIOutData) for GradeSPIOutData
    lab7grader.o(i.TExaS_Init) refers to lab7grader.o(i.GradeIO_Init) for GradeIO_Init
    lab7grader.o(i.TExaS_Init) refers to lab7grader.o(i.GradeDec2String) for GradeDec2String
    lab7grader.o(i.TExaS_Init) refers to lab7grader.o(i.GradeFix2String) for GradeFix2String
    lab7grader.o(i.TExaS_Init) refers to lab7grader.o(.data) for M
    lab7grader.o(i.TExaS_Init) refers to lab7main.o(.data) for EID1
    lab7grader.o(i.TExaS_Init) refers to lab7grader.o(i.LogicAnalyzerA) for LogicAnalyzerA
    lab7grader.o(i.TExaS_Init) refers to lab7grader.o(i.LogicAnalyzerB) for LogicAnalyzerB
    lab7grader.o(i.TExaS_Init) refers to lab7grader.o(i.LogicAnalyzerC) for LogicAnalyzerC
    lab7grader.o(i.TExaS_Init) refers to lab7grader.o(i.LogicAnalyzerE) for LogicAnalyzerE
    lab7grader.o(i.TExaS_Init) refers to lab7grader.o(i.Scope) for Scope
    lab7grader.o(i.TExaS_Stop) refers to lab7grader.o(i.PeriodicTask2_Stop) for PeriodicTask2_Stop
    lab7grader.o(i.Timer5A_Handler) refers to lab7grader.o(.data) for PeriodicTask2
    lab7grader.o(i.UART0_OutString) refers to lab7grader.o(i.UART0_OutChar) for UART0_OutChar
    lab7grader.o(i.UART0_OutUDec) refers to lab7grader.o(i.UART0_OutChar) for UART0_OutChar
    lab7graderwrapper.o(.text) refers to busywait.o(.text) for SPIOutCommand
    lab7graderwrapper.o(.text) refers to stringconversion.o(.text) for Dec2String
    lab7graderwrapper.o(.text) refers to lab7graderwrapper.o(data) for SaveSP
    entry.o(.ARM.Collect$$$$00000000) refers (Special) to entry10a.o(.ARM.Collect$$$$0000000F) for __rt_final_cpp
    entry.o(.ARM.Collect$$$$00000000) refers (Special) to entry11a.o(.ARM.Collect$$$$00000011) for __rt_final_exit
    entry.o(.ARM.Collect$$$$00000000) refers (Special) to entry12b.o(.ARM.Collect$$$$0000000E) for __rt_lib_shutdown_fini
    entry.o(.ARM.Collect$$$$00000000) refers (Special) to entry7b.o(.ARM.Collect$$$$00000008) for _main_clock
    entry.o(.ARM.Collect$$$$00000000) refers (Special) to entry8b.o(.ARM.Collect$$$$0000000A) for _main_cpp_init
    entry.o(.ARM.Collect$$$$00000000) refers (Special) to entry9a.o(.ARM.Collect$$$$0000000B) for _main_init
    entry.o(.ARM.Collect$$$$00000000) refers (Special) to entry5.o(.ARM.Collect$$$$00000004) for _main_scatterload
    entry.o(.ARM.Collect$$$$00000000) refers (Special) to entry2.o(.ARM.Collect$$$$00000001) for _main_stk
    entry2.o(.ARM.Collect$$$$00000001) refers to entry2.o(.ARM.Collect$$$$00002712) for __lit__00000000
    entry2.o(.ARM.Collect$$$$00002712) refers to startup.o(STACK) for __initial_sp
    entry2.o(__vectab_stack_and_reset_area) refers to startup.o(STACK) for __initial_sp
    entry2.o(__vectab_stack_and_reset_area) refers to entry.o(.ARM.Collect$$$$00000000) for __main
    entry5.o(.ARM.Collect$$$$00000004) refers to init.o(.text) for __scatterload
    entry9a.o(.ARM.Collect$$$$0000000B) refers to lab7main.o(i.main) for main
    entry9b.o(.ARM.Collect$$$$0000000C) refers to lab7main.o(i.main) for main
    init.o(.text) refers to entry5.o(.ARM.Collect$$$$00000004) for __main_after_scatterload


==============================================================================

Removing Unused input sections from the image.

    Removing startup.o(HEAP), (0 bytes).
    Removing st7735.o(i.Output_Clear), (10 bytes).
    Removing st7735.o(i.Output_Color), (12 bytes).
    Removing st7735.o(i.Output_Init), (16 bytes).
    Removing st7735.o(i.Output_Off), (8 bytes).
    Removing st7735.o(i.Output_On), (8 bytes).
    Removing st7735.o(i.ST7735_Color565), (24 bytes).
    Removing st7735.o(i.ST7735_DrawChar), (272 bytes).
    Removing st7735.o(i.ST7735_DrawCircle), (172 bytes).
    Removing st7735.o(i.ST7735_DrawFastHLine), (124 bytes).
    Removing st7735.o(i.ST7735_DrawFastVLine), (124 bytes).
    Removing st7735.o(i.ST7735_DrawSmallCircle), (172 bytes).
    Removing st7735.o(i.ST7735_InitB), (40 bytes).
    Removing st7735.o(i.ST7735_InvertDisplay), (22 bytes).
    Removing st7735.o(i.ST7735_PlotBar), (88 bytes).
    Removing st7735.o(i.ST7735_PlotClear), (92 bytes).
    Removing st7735.o(i.ST7735_PlotLine), (264 bytes).
    Removing st7735.o(i.ST7735_PlotNext), (32 bytes).
    Removing st7735.o(i.ST7735_PlotNextErase), (64 bytes).
    Removing st7735.o(i.ST7735_PlotPoint), (152 bytes).
    Removing st7735.o(i.ST7735_PlotPoints), (172 bytes).
    Removing st7735.o(i.ST7735_PlotdBfs), (60 bytes).
    Removing st7735.o(i.ST7735_SetRotation), (212 bytes).
    Removing st7735.o(i.ST7735_SetTextColor), (12 bytes).
    Removing st7735.o(i.ST7735_SwapColor), (18 bytes).
    Removing st7735.o(i.deselect), (28 bytes).
    Removing st7735.o(i.ferror), (8 bytes).
    Removing st7735.o(i.fgetc), (6 bytes).
    Removing st7735.o(i.fputc), (16 bytes).
    Removing lab7grader.o(i.PeriodicTask2_Stop), (36 bytes).
    Removing lab7grader.o(i.Random), (20 bytes).
    Removing lab7grader.o(i.Random6), (36 bytes).
    Removing lab7grader.o(i.TExaS_Stop), (8 bytes).
    Removing lab7grader.o(i.UART0_InChar), (28 bytes).

34 unused section(s) (total 2356 bytes) removed from the image.

==============================================================================

Image Symbol Table

    Local Symbols

    Symbol Name                              Value     Ov Type        Size  Object(Section)

    RESET                                    0x00000000   Section      644  startup.o(RESET)
    ../clib/microlib/init/entry.s            0x00000000   Number         0  entry7b.o ABSOLUTE
    ../clib/microlib/init/entry.s            0x00000000   Number         0  entry9a.o ABSOLUTE
    ../clib/microlib/init/entry.s            0x00000000   Number         0  entry9b.o ABSOLUTE
    ../clib/microlib/init/entry.s            0x00000000   Number         0  entry8a.o ABSOLUTE
    ../clib/microlib/init/entry.s            0x00000000   Number         0  entry8b.o ABSOLUTE
    ../clib/microlib/init/entry.s            0x00000000   Number         0  entry10a.o ABSOLUTE
    ../clib/microlib/init/entry.s            0x00000000   Number         0  entry12a.o ABSOLUTE
    ../clib/microlib/init/entry.s            0x00000000   Number         0  entry12b.o ABSOLUTE
    ../clib/microlib/init/entry.s            0x00000000   Number         0  entry10b.o ABSOLUTE
    ../clib/microlib/init/entry.s            0x00000000   Number         0  entry11a.o ABSOLUTE
    ../clib/microlib/init/entry.s            0x00000000   Number         0  entry11b.o ABSOLUTE
    ../clib/microlib/init/entry.s            0x00000000   Number         0  entry7a.o ABSOLUTE
    ../clib/microlib/init/entry.s            0x00000000   Number         0  entry5.o ABSOLUTE
    ../clib/microlib/init/entry.s            0x00000000   Number         0  entry2.o ABSOLUTE
    ../clib/microlib/init/entry.s            0x00000000   Number         0  entry.o ABSOLUTE
    ../clib/microlib/string/strcmp.c         0x00000000   Number         0  strcmp.o ABSOLUTE
    ..\inc\BusyWait.s                        0x00000000   Number         0  busywait.o ABSOLUTE
    ..\inc\IO.c                              0x00000000   Number         0  io.o ABSOLUTE
    ..\inc\PLL.c                             0x00000000   Number         0  pll.o ABSOLUTE
    ..\inc\ST7735.c                          0x00000000   Number         0  st7735.o ABSOLUTE
    ..\inc\StringConversion.s                0x00000000   Number         0  stringconversion.o ABSOLUTE
    Lab7Grader.c                             0x00000000   Number         0  lab7grader.o ABSOLUTE
    Lab7GraderWrapper.s                      0x00000000   Number         0  lab7graderwrapper.o ABSOLUTE
    Lab7Main.c                               0x00000000   Number         0  lab7main.o ABSOLUTE
    Timer3A.c                                0x00000000   Number         0  timer3a.o ABSOLUTE
    dc.s                                     0x00000000   Number         0  dc.o ABSOLUTE
    handlers.s                               0x00000000   Number         0  handlers.o ABSOLUTE
    init.s                                   0x00000000   Number         0  init.o ABSOLUTE
    startup.s                                0x00000000   Number         0  startup.o ABSOLUTE
    .ARM.Collect$$$$00000000                 0x00000284   Section        0  entry.o(.ARM.Collect$$$$00000000)
    .ARM.Collect$$$$00000001                 0x00000284   Section        4  entry2.o(.ARM.Collect$$$$00000001)
    .ARM.Collect$$$$00000004                 0x00000288   Section        4  entry5.o(.ARM.Collect$$$$00000004)
    .ARM.Collect$$$$00000008                 0x0000028c   Section        0  entry7b.o(.ARM.Collect$$$$00000008)
    .ARM.Collect$$$$0000000A                 0x0000028c   Section        0  entry8b.o(.ARM.Collect$$$$0000000A)
    .ARM.Collect$$$$0000000B                 0x0000028c   Section        8  entry9a.o(.ARM.Collect$$$$0000000B)
    .ARM.Collect$$$$0000000E                 0x00000294   Section        4  entry12b.o(.ARM.Collect$$$$0000000E)
    .ARM.Collect$$$$0000000F                 0x00000298   Section        0  entry10a.o(.ARM.Collect$$$$0000000F)
    .ARM.Collect$$$$00000011                 0x00000298   Section        0  entry11a.o(.ARM.Collect$$$$00000011)
    .ARM.Collect$$$$00002712                 0x00000298   Section        4  entry2.o(.ARM.Collect$$$$00002712)
    __lit__00000000                          0x00000298   Data           4  entry2.o(.ARM.Collect$$$$00002712)
    .text                                    0x0000029c   Section       28  startup.o(.text)
    .text                                    0x000002b8   Section       72  busywait.o(.text)
    .text                                    0x00000300   Section      308  stringconversion.o(.text)
    .text                                    0x00000434   Section      816  lab7graderwrapper.o(.text)
    .text                                    0x00000764   Section        0  strcmp.o(.text)
    .text                                    0x00000780   Section       36  init.o(.text)
    i.ADC1_Init                              0x000007a4   Section        0  lab7grader.o(i.ADC1_Init)
    i.ClearBit4                              0x0000086c   Section        0  lab7grader.o(i.ClearBit4)
    i.Delay1ms                               0x0000090c   Section        0  st7735.o(i.Delay1ms)
    i.GradeDec2String                        0x0000092c   Section        0  lab7grader.o(i.GradeDec2String)
    i.GradeFix2String                        0x00000a58   Section        0  lab7grader.o(i.GradeFix2String)
    i.GradeIO_Init                           0x00000b80   Section        0  lab7grader.o(i.GradeIO_Init)
    i.GradeSPIOutCommand                     0x00000d40   Section        0  lab7grader.o(i.GradeSPIOutCommand)
    i.GradeSPIOutData                        0x00000ee8   Section        0  lab7grader.o(i.GradeSPIOutData)
    i.IO_HeartBeat                           0x0000108c   Section        0  io.o(i.IO_HeartBeat)
    i.IO_Init                                0x000010b4   Section        0  io.o(i.IO_Init)
    i.IO_Touch                               0x00001114   Section        0  io.o(i.IO_Touch)
    i.LogicAnalyzerA                         0x00001140   Section        0  lab7grader.o(i.LogicAnalyzerA)
    i.LogicAnalyzerB                         0x00001158   Section        0  lab7grader.o(i.LogicAnalyzerB)
    i.LogicAnalyzerC                         0x00001170   Section        0  lab7grader.o(i.LogicAnalyzerC)
    i.LogicAnalyzerE                         0x00001188   Section        0  lab7grader.o(i.LogicAnalyzerE)
    i.OutCRLF0                               0x000011a0   Section        0  lab7grader.o(i.OutCRLF0)
    i.PLL_Init                               0x000011b0   Section        0  pll.o(i.PLL_Init)
    i.PeriodicTask2_Init                     0x0000122c   Section        0  lab7grader.o(i.PeriodicTask2_Init)
    i.Random32                               0x000012c0   Section        0  lab7grader.o(i.Random32)
    i.ST7735_DrawBitmap                      0x000012e4   Section        0  st7735.o(i.ST7735_DrawBitmap)
    i.ST7735_DrawCharS                       0x00001404   Section        0  st7735.o(i.ST7735_DrawCharS)
    i.ST7735_DrawPixel                       0x000014fc   Section        0  st7735.o(i.ST7735_DrawPixel)
    i.ST7735_DrawString                      0x00001544   Section        0  st7735.o(i.ST7735_DrawString)
    i.ST7735_FillRect                        0x0000159c   Section        0  st7735.o(i.ST7735_FillRect)
    i.ST7735_FillScreen                      0x00001648   Section        0  st7735.o(i.ST7735_FillScreen)
    i.ST7735_InitR                           0x0000166c   Section        0  st7735.o(i.ST7735_InitR)
    i.ST7735_OutChar                         0x000016e8   Section        0  st7735.o(i.ST7735_OutChar)
    i.ST7735_OutFix                          0x000017bc   Section        0  st7735.o(i.ST7735_OutFix)
    i.ST7735_OutString                       0x00001840   Section        0  st7735.o(i.ST7735_OutString)
    i.ST7735_OutUDec                         0x00001858   Section        0  st7735.o(i.ST7735_OutUDec)
    i.ST7735_SetCursor                       0x000018dc   Section        0  st7735.o(i.ST7735_SetCursor)
    i.Scope                                  0x000018fc   Section        0  lab7grader.o(i.Scope)
    i.SetBit1                                0x00001910   Section        0  lab7grader.o(i.SetBit1)
    i.TExaS_Init                             0x000019b8   Section        0  lab7grader.o(i.TExaS_Init)
    i.Timer3A_Handler                        0x00001c08   Section        0  timer3a.o(i.Timer3A_Handler)
    i.Timer3A_Init                           0x00001c20   Section        0  timer3a.o(i.Timer3A_Init)
    i.Timer3A_Stop                           0x00001c80   Section        0  timer3a.o(i.Timer3A_Stop)
    i.Timer5A_Handler                        0x00001c98   Section        0  lab7grader.o(i.Timer5A_Handler)
    i.UART0_Init                             0x00001cb0   Section        0  lab7grader.o(i.UART0_Init)
    i.UART0_OutChar                          0x00001d38   Section        0  lab7grader.o(i.UART0_OutChar)
    i.UART0_OutString                        0x00001d50   Section        0  lab7grader.o(i.UART0_OutString)
    i.UART0_OutUDec                          0x00001d66   Section        0  lab7grader.o(i.UART0_OutUDec)
    i.Wait10ms                               0x00001d90   Section        0  io.o(i.Wait10ms)
    i.__scatterload_copy                     0x00001da6   Section       14  handlers.o(i.__scatterload_copy)
    i.__scatterload_null                     0x00001db4   Section        2  handlers.o(i.__scatterload_null)
    i.__scatterload_zeroinit                 0x00001db6   Section       14  handlers.o(i.__scatterload_zeroinit)
    i.commandList                            0x00001dc4   Section        0  st7735.o(i.commandList)
    commandList                              0x00001dc5   Thumb Code    86  st7735.o(i.commandList)
    i.commonInit                             0x00001e1c   Section        0  st7735.o(i.commonInit)
    commonInit                               0x00001e1d   Thumb Code   342  st7735.o(i.commonInit)
    i.main                                   0x00001fa4   Section        0  lab7main.o(i.main)
    i.pushColor                              0x00002058   Section        0  st7735.o(i.pushColor)
    pushColor                                0x00002059   Thumb Code    18  st7735.o(i.pushColor)
    i.setAddrWindow                          0x0000206c   Section        0  st7735.o(i.setAddrWindow)
    setAddrWindow                            0x0000206d   Thumb Code   106  st7735.o(i.setAddrWindow)
    i.setUpper                               0x000020e0   Section        0  lab7grader.o(i.setUpper)
    i.writecommand                           0x000020f8   Section        0  st7735.o(i.writecommand)
    i.writedata                              0x00002114   Section        0  st7735.o(i.writedata)
    .constdata                               0x00002130   Section    12864  lab7main.o(.constdata)
    .constdata                               0x00005370   Section     2114  st7735.o(.constdata)
    Font                                     0x00005370   Data        1275  st7735.o(.constdata)
    Bcmd                                     0x0000586b   Data         103  st7735.o(.constdata)
    Rcmd1                                    0x000058d2   Data          59  st7735.o(.constdata)
    Rcmd2green                               0x0000590d   Data          13  st7735.o(.constdata)
    Rcmd2red                                 0x0000591a   Data          13  st7735.o(.constdata)
    Rcmd3                                    0x00005927   Data          43  st7735.o(.constdata)
    .data                                    0x20000000   Section       14  lab7main.o(.data)
    .data                                    0x20000010   Section       44  st7735.o(.data)
    ColStart                                 0x2000001a   Data           1  st7735.o(.data)
    RowStart                                 0x2000001b   Data           1  st7735.o(.data)
    Rotation                                 0x2000001c   Data           1  st7735.o(.data)
    TabColor                                 0x2000001d   Data           1  st7735.o(.data)
    _width                                   0x2000001e   Data           2  st7735.o(.data)
    _height                                  0x20000020   Data           2  st7735.o(.data)
    .data                                    0x2000003c   Section        4  timer3a.o(.data)
    .data                                    0x20000040   Section       36  lab7grader.o(.data)
    Fail                                     0x20000044   Data           4  lab7grader.o(.data)
    Score                                    0x20000048   Data           4  lab7grader.o(.data)
    data                                     0x20000064   Section        4  lab7graderwrapper.o(data)
    SaveSP                                   0x20000064   Data           4  lab7graderwrapper.o(data)
    .bss                                     0x20000068   Section       12  st7735.o(.bss)
    .bss                                     0x20000074   Section       32  lab7grader.o(.bss)
    STACK                                    0x20000098   Section     1024  startup.o(STACK)
    StackMem                                 0x20000098   Data           0  startup.o(STACK)

    Global Symbols

    Symbol Name                              Value     Ov Type        Size  Object(Section)

    BuildAttributes$$THM_ISAv4$E$P$D$K$B$S$7EM$PE$A:L22UL41UL21$X:L11$S22US41US21$IEEE1$IW$USESV6$~STKCKD$USESV7$~SHL$OSPACE$EBA8$MICROLIB$REQ8$EABIv2 0x00000000   Number         0  anon$$obj.o ABSOLUTE
    __ARM_use_no_argv                        0x00000000   Number         0  lab7main.o ABSOLUTE
    __Vectors                                0x00000000   Data           0  startup.o(RESET)
    __arm_fini_                               - Undefined Weak Reference
    __cpp_initialize__aeabi_                  - Undefined Weak Reference
    __cxa_finalize                            - Undefined Weak Reference
    __decompress                              - Undefined Weak Reference
    _clock_init                               - Undefined Weak Reference
    _microlib_exit                            - Undefined Weak Reference
    Reset_Handler                            0x0000026d   Thumb Code     0  startup.o(RESET)
    NMI_Handler                              0x00000271   Thumb Code     2  startup.o(RESET)
    HardFault_Handler                        0x00000273   Thumb Code     2  startup.o(RESET)
    MemManage_Handler                        0x00000275   Thumb Code     2  startup.o(RESET)
    BusFault_Handler                         0x00000277   Thumb Code     2  startup.o(RESET)
    UsageFault_Handler                       0x00000279   Thumb Code     2  startup.o(RESET)
    SVC_Handler                              0x0000027b   Thumb Code     2  startup.o(RESET)
    DebugMon_Handler                         0x0000027d   Thumb Code     2  startup.o(RESET)
    PendSV_Handler                           0x0000027f   Thumb Code     2  startup.o(RESET)
    SysTick_Handler                          0x00000281   Thumb Code     2  startup.o(RESET)
    ADC0Seq0_Handler                         0x00000283   Thumb Code     0  startup.o(RESET)
    ADC0Seq1_Handler                         0x00000283   Thumb Code     0  startup.o(RESET)
    ADC0Seq2_Handler                         0x00000283   Thumb Code     0  startup.o(RESET)
    ADC0Seq3_Handler                         0x00000283   Thumb Code     0  startup.o(RESET)
    ADC1Seq0_Handler                         0x00000283   Thumb Code     0  startup.o(RESET)
    ADC1Seq1_Handler                         0x00000283   Thumb Code     0  startup.o(RESET)
    ADC1Seq2_Handler                         0x00000283   Thumb Code     0  startup.o(RESET)
    ADC1Seq3_Handler                         0x00000283   Thumb Code     0  startup.o(RESET)
    CAN0_Handler                             0x00000283   Thumb Code     0  startup.o(RESET)
    CAN1_Handler                             0x00000283   Thumb Code     0  startup.o(RESET)
    CAN2_Handler                             0x00000283   Thumb Code     0  startup.o(RESET)
    Comp0_Handler                            0x00000283   Thumb Code     0  startup.o(RESET)
    Comp1_Handler                            0x00000283   Thumb Code     0  startup.o(RESET)
    Comp2_Handler                            0x00000283   Thumb Code     0  startup.o(RESET)
    Ethernet_Handler                         0x00000283   Thumb Code     0  startup.o(RESET)
    ExtBus_Handler                           0x00000283   Thumb Code     0  startup.o(RESET)
    FPU_Handler                              0x00000283   Thumb Code     0  startup.o(RESET)
    Fan0_Handler                             0x00000283   Thumb Code     0  startup.o(RESET)
    FlashCtl_Handler                         0x00000283   Thumb Code     0  startup.o(RESET)
    GPIOPortA_Handler                        0x00000283   Thumb Code     0  startup.o(RESET)
    GPIOPortB_Handler                        0x00000283   Thumb Code     0  startup.o(RESET)
    GPIOPortC_Handler                        0x00000283   Thumb Code     0  startup.o(RESET)
    GPIOPortD_Handler                        0x00000283   Thumb Code     0  startup.o(RESET)
    GPIOPortE_Handler                        0x00000283   Thumb Code     0  startup.o(RESET)
    GPIOPortF_Handler                        0x00000283   Thumb Code     0  startup.o(RESET)
    GPIOPortG_Handler                        0x00000283   Thumb Code     0  startup.o(RESET)
    GPIOPortH_Handler                        0x00000283   Thumb Code     0  startup.o(RESET)
    GPIOPortJ_Handler                        0x00000283   Thumb Code     0  startup.o(RESET)
    GPIOPortK_Handler                        0x00000283   Thumb Code     0  startup.o(RESET)
    GPIOPortL_Handler                        0x00000283   Thumb Code     0  startup.o(RESET)
    GPIOPortM_Handler                        0x00000283   Thumb Code     0  startup.o(RESET)
    GPIOPortN_Handler                        0x00000283   Thumb Code     0  startup.o(RESET)
    GPIOPortP1_Handler                       0x00000283   Thumb Code     0  startup.o(RESET)
    GPIOPortP2_Handler                       0x00000283   Thumb Code     0  startup.o(RESET)
    GPIOPortP3_Handler                       0x00000283   Thumb Code     0  startup.o(RESET)
    GPIOPortP4_Handler                       0x00000283   Thumb Code     0  startup.o(RESET)
    GPIOPortP5_Handler                       0x00000283   Thumb Code     0  startup.o(RESET)
    GPIOPortP6_Handler                       0x00000283   Thumb Code     0  startup.o(RESET)
    GPIOPortP7_Handler                       0x00000283   Thumb Code     0  startup.o(RESET)
    GPIOPortP_Handler                        0x00000283   Thumb Code     0  startup.o(RESET)
    GPIOPortQ1_Handler                       0x00000283   Thumb Code     0  startup.o(RESET)
    GPIOPortQ2_Handler                       0x00000283   Thumb Code     0  startup.o(RESET)
    GPIOPortQ3_Handler                       0x00000283   Thumb Code     0  startup.o(RESET)
    GPIOPortQ4_Handler                       0x00000283   Thumb Code     0  startup.o(RESET)
    GPIOPortQ5_Handler                       0x00000283   Thumb Code     0  startup.o(RESET)
    GPIOPortQ6_Handler                       0x00000283   Thumb Code     0  startup.o(RESET)
    GPIOPortQ7_Handler                       0x00000283   Thumb Code     0  startup.o(RESET)
    GPIOPortQ_Handler                        0x00000283   Thumb Code     0  startup.o(RESET)
    GPIOPortR_Handler                        0x00000283   Thumb Code     0  startup.o(RESET)
    GPIOPortS_Handler                        0x00000283   Thumb Code     0  startup.o(RESET)
    Hibernate_Handler                        0x00000283   Thumb Code     0  startup.o(RESET)
    I2C0_Handler                             0x00000283   Thumb Code     0  startup.o(RESET)
    I2C1_Handler                             0x00000283   Thumb Code     0  startup.o(RESET)
    I2C2_Handler                             0x00000283   Thumb Code     0  startup.o(RESET)
    I2C3_Handler                             0x00000283   Thumb Code     0  startup.o(RESET)
    I2C4_Handler                             0x00000283   Thumb Code     0  startup.o(RESET)
    I2C5_Handler                             0x00000283   Thumb Code     0  startup.o(RESET)
    I2S0_Handler                             0x00000283   Thumb Code     0  startup.o(RESET)
    LPC0_Handler                             0x00000283   Thumb Code     0  startup.o(RESET)
    PECI0_Handler                            0x00000283   Thumb Code     0  startup.o(RESET)
    PWM0Fault_Handler                        0x00000283   Thumb Code     0  startup.o(RESET)
    PWM0Generator0_Handler                   0x00000283   Thumb Code     0  startup.o(RESET)
    PWM0Generator1_Handler                   0x00000283   Thumb Code     0  startup.o(RESET)
    PWM0Generator2_Handler                   0x00000283   Thumb Code     0  startup.o(RESET)
    PWM0Generator3_Handler                   0x00000283   Thumb Code     0  startup.o(RESET)
    PWM1Fault_Handler                        0x00000283   Thumb Code     0  startup.o(RESET)
    PWM1Generator0_Handler                   0x00000283   Thumb Code     0  startup.o(RESET)
    PWM1Generator1_Handler                   0x00000283   Thumb Code     0  startup.o(RESET)
    PWM1Generator2_Handler                   0x00000283   Thumb Code     0  startup.o(RESET)
    PWM1Generator3_Handler                   0x00000283   Thumb Code     0  startup.o(RESET)
    Quadrature0_Handler                      0x00000283   Thumb Code     0  startup.o(RESET)
    Quadrature1_Handler                      0x00000283   Thumb Code     0  startup.o(RESET)
    Quadrature2_Handler                      0x00000283   Thumb Code     0  startup.o(RESET)
    SSI0_Handler                             0x00000283   Thumb Code     0  startup.o(RESET)
    SSI1_Handler                             0x00000283   Thumb Code     0  startup.o(RESET)
    SSI2_Handler                             0x00000283   Thumb Code     0  startup.o(RESET)
    SSI3_Handler                             0x00000283   Thumb Code     0  startup.o(RESET)
    SysCtl_Handler                           0x00000283   Thumb Code     0  startup.o(RESET)
    Timer0A_Handler                          0x00000283   Thumb Code     0  startup.o(RESET)
    Timer0B_Handler                          0x00000283   Thumb Code     0  startup.o(RESET)
    Timer1A_Handler                          0x00000283   Thumb Code     0  startup.o(RESET)
    Timer1B_Handler                          0x00000283   Thumb Code     0  startup.o(RESET)
    Timer2A_Handler                          0x00000283   Thumb Code     0  startup.o(RESET)
    Timer2B_Handler                          0x00000283   Thumb Code     0  startup.o(RESET)
    Timer3B_Handler                          0x00000283   Thumb Code     0  startup.o(RESET)
    Timer4A_Handler                          0x00000283   Thumb Code     0  startup.o(RESET)
    Timer4B_Handler                          0x00000283   Thumb Code     0  startup.o(RESET)
    Timer5B_Handler                          0x00000283   Thumb Code     0  startup.o(RESET)
    UART0_Handler                            0x00000283   Thumb Code     0  startup.o(RESET)
    UART1_Handler                            0x00000283   Thumb Code     0  startup.o(RESET)
    UART2_Handler                            0x00000283   Thumb Code     0  startup.o(RESET)
    UART3_Handler                            0x00000283   Thumb Code     0  startup.o(RESET)
    UART4_Handler                            0x00000283   Thumb Code     0  startup.o(RESET)
    UART5_Handler                            0x00000283   Thumb Code     0  startup.o(RESET)
    UART6_Handler                            0x00000283   Thumb Code     0  startup.o(RESET)
    UART7_Handler                            0x00000283   Thumb Code     0  startup.o(RESET)
    USB0_Handler                             0x00000283   Thumb Code     0  startup.o(RESET)
    WDT_Handler                              0x00000283   Thumb Code     0  startup.o(RESET)
    WideTimer0A_Handler                      0x00000283   Thumb Code     0  startup.o(RESET)
    WideTimer0B_Handler                      0x00000283   Thumb Code     0  startup.o(RESET)
    WideTimer1A_Handler                      0x00000283   Thumb Code     0  startup.o(RESET)
    WideTimer1B_Handler                      0x00000283   Thumb Code     0  startup.o(RESET)
    WideTimer2A_Handler                      0x00000283   Thumb Code     0  startup.o(RESET)
    WideTimer2B_Handler                      0x00000283   Thumb Code     0  startup.o(RESET)
    WideTimer3A_Handler                      0x00000283   Thumb Code     0  startup.o(RESET)
    WideTimer3B_Handler                      0x00000283   Thumb Code     0  startup.o(RESET)
    WideTimer4A_Handler                      0x00000283   Thumb Code     0  startup.o(RESET)
    WideTimer4B_Handler                      0x00000283   Thumb Code     0  startup.o(RESET)
    WideTimer5A_Handler                      0x00000283   Thumb Code     0  startup.o(RESET)
    WideTimer5B_Handler                      0x00000283   Thumb Code     0  startup.o(RESET)
    uDMA_Error                               0x00000283   Thumb Code     0  startup.o(RESET)
    uDMA_Handler                             0x00000283   Thumb Code     0  startup.o(RESET)
    __main                                   0x00000285   Thumb Code     0  entry.o(.ARM.Collect$$$$00000000)
    _main_stk                                0x00000285   Thumb Code     0  entry2.o(.ARM.Collect$$$$00000001)
    _main_scatterload                        0x00000289   Thumb Code     0  entry5.o(.ARM.Collect$$$$00000004)
    __main_after_scatterload                 0x0000028d   Thumb Code     0  entry5.o(.ARM.Collect$$$$00000004)
    _main_clock                              0x0000028d   Thumb Code     0  entry7b.o(.ARM.Collect$$$$00000008)
    _main_cpp_init                           0x0000028d   Thumb Code     0  entry8b.o(.ARM.Collect$$$$0000000A)
    _main_init                               0x0000028d   Thumb Code     0  entry9a.o(.ARM.Collect$$$$0000000B)
    __rt_lib_shutdown_fini                   0x00000295   Thumb Code     0  entry12b.o(.ARM.Collect$$$$0000000E)
    __rt_final_cpp                           0x00000299   Thumb Code     0  entry10a.o(.ARM.Collect$$$$0000000F)
    __rt_final_exit                          0x00000299   Thumb Code     0  entry11a.o(.ARM.Collect$$$$00000011)
    DisableInterrupts                        0x0000029d   Thumb Code     0  startup.o(.text)
    EnableInterrupts                         0x000002a1   Thumb Code     0  startup.o(.text)
    StartCritical                            0x000002a5   Thumb Code     0  startup.o(.text)
    EndCritical                              0x000002ad   Thumb Code     0  startup.o(.text)
    WaitForInterrupt                         0x000002b3   Thumb Code     0  startup.o(.text)
    SPIOutCommand                            0x000002b9   Thumb Code     0  busywait.o(.text)
    SPIOutData                               0x000002e1   Thumb Code     0  busywait.o(.text)
    Dec2String                               0x00000301   Thumb Code     0  stringconversion.o(.text)
    Fix2String                               0x00000351   Thumb Code     0  stringconversion.o(.text)
    testSPIOutCommand                        0x00000435   Thumb Code     0  lab7graderwrapper.o(.text)
    testSPIOutData                           0x000004b1   Thumb Code     0  lab7graderwrapper.o(.text)
    testDec2String                           0x0000052d   Thumb Code     0  lab7graderwrapper.o(.text)
    myDec2String                             0x000005a9   Thumb Code     0  lab7graderwrapper.o(.text)
    testFix2String                           0x00000625   Thumb Code     0  lab7graderwrapper.o(.text)
    myFix2String                             0x000006a1   Thumb Code     0  lab7graderwrapper.o(.text)
    strcmp                                   0x00000765   Thumb Code    28  strcmp.o(.text)
    __scatterload                            0x00000781   Thumb Code    28  init.o(.text)
    __scatterload_rt2                        0x00000781   Thumb Code     0  init.o(.text)
    ADC1_Init                                0x000007a5   Thumb Code   176  lab7grader.o(i.ADC1_Init)
    ClearBit4                                0x0000086d   Thumb Code    68  lab7grader.o(i.ClearBit4)
    Delay1ms                                 0x0000090d   Thumb Code    32  st7735.o(i.Delay1ms)
    GradeDec2String                          0x0000092d   Thumb Code   172  lab7grader.o(i.GradeDec2String)
    GradeFix2String                          0x00000a59   Thumb Code   166  lab7grader.o(i.GradeFix2String)
    GradeIO_Init                             0x00000b81   Thumb Code   222  lab7grader.o(i.GradeIO_Init)
    GradeSPIOutCommand                       0x00000d41   Thumb Code   200  lab7grader.o(i.GradeSPIOutCommand)
    GradeSPIOutData                          0x00000ee9   Thumb Code   200  lab7grader.o(i.GradeSPIOutData)
    IO_HeartBeat                             0x0000108d   Thumb Code    26  io.o(i.IO_HeartBeat)
    IO_Init                                  0x000010b5   Thumb Code    78  io.o(i.IO_Init)
    IO_Touch                                 0x00001115   Thumb Code    38  io.o(i.IO_Touch)
    LogicAnalyzerA                           0x00001141   Thumb Code    16  lab7grader.o(i.LogicAnalyzerA)
    LogicAnalyzerB                           0x00001159   Thumb Code    14  lab7grader.o(i.LogicAnalyzerB)
    LogicAnalyzerC                           0x00001171   Thumb Code    16  lab7grader.o(i.LogicAnalyzerC)
    LogicAnalyzerE                           0x00001189   Thumb Code    14  lab7grader.o(i.LogicAnalyzerE)
    OutCRLF0                                 0x000011a1   Thumb Code    16  lab7grader.o(i.OutCRLF0)
    PLL_Init                                 0x000011b1   Thumb Code   120  pll.o(i.PLL_Init)
    PeriodicTask2_Init                       0x0000122d   Thumb Code   128  lab7grader.o(i.PeriodicTask2_Init)
    Random32                                 0x000012c1   Thumb Code    22  lab7grader.o(i.Random32)
    ST7735_DrawBitmap                        0x000012e5   Thumb Code   280  st7735.o(i.ST7735_DrawBitmap)
    ST7735_DrawCharS                         0x00001405   Thumb Code   236  st7735.o(i.ST7735_DrawCharS)
    ST7735_DrawPixel                         0x000014fd   Thumb Code    64  st7735.o(i.ST7735_DrawPixel)
    ST7735_DrawString                        0x00001545   Thumb Code    86  st7735.o(i.ST7735_DrawString)
    ST7735_FillRect                          0x0000159d   Thumb Code   164  st7735.o(i.ST7735_FillRect)
    ST7735_FillScreen                        0x00001649   Thumb Code    28  st7735.o(i.ST7735_FillScreen)
    ST7735_InitR                             0x0000166d   Thumb Code    90  st7735.o(i.ST7735_InitR)
    ST7735_OutChar                           0x000016e9   Thumb Code   176  st7735.o(i.ST7735_OutChar)
    ST7735_OutFix                            0x000017bd   Thumb Code   116  st7735.o(i.ST7735_OutFix)
    ST7735_OutString                         0x00001841   Thumb Code    24  st7735.o(i.ST7735_OutString)
    ST7735_OutUDec                           0x00001859   Thumb Code   116  st7735.o(i.ST7735_OutUDec)
    ST7735_SetCursor                         0x000018dd   Thumb Code    22  st7735.o(i.ST7735_SetCursor)
    Scope                                    0x000018fd   Thumb Code    12  lab7grader.o(i.Scope)
    SetBit1                                  0x00001911   Thumb Code    76  lab7grader.o(i.SetBit1)
    TExaS_Init                               0x000019b9   Thumb Code   416  lab7grader.o(i.TExaS_Init)
    Timer3A_Handler                          0x00001c09   Thumb Code    16  timer3a.o(i.Timer3A_Handler)
    Timer3A_Init                             0x00001c21   Thumb Code    74  timer3a.o(i.Timer3A_Init)
    Timer3A_Stop                             0x00001c81   Thumb Code    14  timer3a.o(i.Timer3A_Stop)
    Timer5A_Handler                          0x00001c99   Thumb Code    16  lab7grader.o(i.Timer5A_Handler)
    UART0_Init                               0x00001cb1   Thumb Code   118  lab7grader.o(i.UART0_Init)
    UART0_OutChar                            0x00001d39   Thumb Code    20  lab7grader.o(i.UART0_OutChar)
    UART0_OutString                          0x00001d51   Thumb Code    22  lab7grader.o(i.UART0_OutString)
    UART0_OutUDec                            0x00001d67   Thumb Code    42  lab7grader.o(i.UART0_OutUDec)
    Wait10ms                                 0x00001d91   Thumb Code    22  io.o(i.Wait10ms)
    __scatterload_copy                       0x00001da7   Thumb Code    14  handlers.o(i.__scatterload_copy)
    __scatterload_null                       0x00001db5   Thumb Code     2  handlers.o(i.__scatterload_null)
    __scatterload_zeroinit                   0x00001db7   Thumb Code    14  handlers.o(i.__scatterload_zeroinit)
    main                                     0x00001fa5   Thumb Code   126  lab7main.o(i.main)
    setUpper                                 0x000020e1   Thumb Code    22  lab7grader.o(i.setUpper)
    writecommand                             0x000020f9   Thumb Code    18  st7735.o(i.writecommand)
    writedata                                0x00002115   Thumb Code    18  st7735.o(i.writedata)
    Logo                                     0x00002130   Data       12800  lab7main.o(.constdata)
    TestData                                 0x00005330   Data          64  lab7main.o(.constdata)
    smallCircle                              0x00005952   Data          36  st7735.o(.constdata)
    circle                                   0x00005976   Data          60  st7735.o(.constdata)
    dBfs                                     0x000059b2   Data         512  st7735.o(.constdata)
    Region$$Table$$Base                      0x00005bb4   Number         0  anon$$obj.o(Region$$Table)
    Region$$Table$$Limit                     0x00005bd4   Number         0  anon$$obj.o(Region$$Table)
    EID1                                     0x20000000   Data           8  lab7main.o(.data)
    EID2                                     0x20000008   Data           6  lab7main.o(.data)
    StX                                      0x20000010   Data           4  st7735.o(.data)
    StY                                      0x20000014   Data           4  st7735.o(.data)
    StTextColor                              0x20000018   Data           2  st7735.o(.data)
    Messageindex                             0x20000024   Data           4  st7735.o(.data)
    Ymax                                     0x20000028   Data           4  st7735.o(.data)
    Ymin                                     0x2000002c   Data           4  st7735.o(.data)
    X                                        0x20000030   Data           4  st7735.o(.data)
    Yrange                                   0x20000034   Data           4  st7735.o(.data)
    lastj                                    0x20000038   Data           4  st7735.o(.data)
    PeriodicTask3                            0x2000003c   Data           4  timer3a.o(.data)
    PeriodicTask2                            0x20000040   Data           4  lab7grader.o(.data)
    GraderStatus                             0x2000004c   Data           4  lab7grader.o(.data)
    GraderData                               0x20000050   Data           4  lab7grader.o(.data)
    GraderGPIO                               0x20000054   Data           4  lab7grader.o(.data)
    GraderTime                               0x20000058   Data           4  lab7grader.o(.data)
    M                                        0x2000005c   Data           4  lab7grader.o(.data)
    M6                                       0x20000060   Data           4  lab7grader.o(.data)
    Message                                  0x20000068   Data          12  st7735.o(.bss)
    myMessage                                0x20000074   Data          16  lab7grader.o(.bss)
    yourMessage                              0x20000084   Data          16  lab7grader.o(.bss)
    __initial_sp                             0x20000498   Data           0  startup.o(STACK)



==============================================================================

Memory Map of the image

  Image Entry point : 0x0000026d

  Load Region LR_1 (Base: 0x00000000, Size: 0x00005c3c, Max: 0xffffffff, ABSOLUTE)

    Execution Region ER_RO (Exec base: 0x00000000, Load base: 0x00000000, Size: 0x00005bd4, Max: 0xffffffff, ABSOLUTE)

    Exec Addr    Load Addr    Size         Type   Attr      Idx    E Section Name        Object

    0x00000000   0x00000000   0x00000284   Code   RO            3  * RESET               startup.o
    0x00000284   0x00000284   0x00000000   Code   RO          639  * .ARM.Collect$$$$00000000  mc_w.l(entry.o)
    0x00000284   0x00000284   0x00000004   Code   RO          644    .ARM.Collect$$$$00000001  mc_w.l(entry2.o)
    0x00000288   0x00000288   0x00000004   Code   RO          647    .ARM.Collect$$$$00000004  mc_w.l(entry5.o)
    0x0000028c   0x0000028c   0x00000000   Code   RO          649    .ARM.Collect$$$$00000008  mc_w.l(entry7b.o)
    0x0000028c   0x0000028c   0x00000000   Code   RO          651    .ARM.Collect$$$$0000000A  mc_w.l(entry8b.o)
    0x0000028c   0x0000028c   0x00000008   Code   RO          652    .ARM.Collect$$$$0000000B  mc_w.l(entry9a.o)
    0x00000294   0x00000294   0x00000004   Code   RO          659    .ARM.Collect$$$$0000000E  mc_w.l(entry12b.o)
    0x00000298   0x00000298   0x00000000   Code   RO          654    .ARM.Collect$$$$0000000F  mc_w.l(entry10a.o)
    0x00000298   0x00000298   0x00000000   Code   RO          656    .ARM.Collect$$$$00000011  mc_w.l(entry11a.o)
    0x00000298   0x00000298   0x00000004   Code   RO          645    .ARM.Collect$$$$00002712  mc_w.l(entry2.o)
    0x0000029c   0x0000029c   0x0000001c   Code   RO            4    .text               startup.o
    0x000002b8   0x000002b8   0x00000048   Code   RO           57    .text               busywait.o
    0x00000300   0x00000300   0x00000134   Code   RO           60    .text               stringconversion.o
    0x00000434   0x00000434   0x00000330   Code   RO          636    .text               lab7graderwrapper.o
    0x00000764   0x00000764   0x0000001c   Code   RO          642    .text               mc_w.l(strcmp.o)
    0x00000780   0x00000780   0x00000024   Code   RO          660    .text               mc_w.l(init.o)
    0x000007a4   0x000007a4   0x000000c8   Code   RO          438    i.ADC1_Init         lab7grader.o
    0x0000086c   0x0000086c   0x000000a0   Code   RO          439    i.ClearBit4         lab7grader.o
    0x0000090c   0x0000090c   0x00000020   Code   RO           96    i.Delay1ms          st7735.o
    0x0000092c   0x0000092c   0x0000012c   Code   RO          440    i.GradeDec2String   lab7grader.o
    0x00000a58   0x00000a58   0x00000128   Code   RO          441    i.GradeFix2String   lab7grader.o
    0x00000b80   0x00000b80   0x000001c0   Code   RO          442    i.GradeIO_Init      lab7grader.o
    0x00000d40   0x00000d40   0x000001a8   Code   RO          443    i.GradeSPIOutCommand  lab7grader.o
    0x00000ee8   0x00000ee8   0x000001a4   Code   RO          444    i.GradeSPIOutData   lab7grader.o
    0x0000108c   0x0000108c   0x00000028   Code   RO           63    i.IO_HeartBeat      io.o
    0x000010b4   0x000010b4   0x00000060   Code   RO           64    i.IO_Init           io.o
    0x00001114   0x00001114   0x0000002c   Code   RO           65    i.IO_Touch          io.o
    0x00001140   0x00001140   0x00000018   Code   RO          445    i.LogicAnalyzerA    lab7grader.o
    0x00001158   0x00001158   0x00000018   Code   RO          446    i.LogicAnalyzerB    lab7grader.o
    0x00001170   0x00001170   0x00000018   Code   RO          447    i.LogicAnalyzerC    lab7grader.o
    0x00001188   0x00001188   0x00000018   Code   RO          448    i.LogicAnalyzerE    lab7grader.o
    0x000011a0   0x000011a0   0x00000010   Code   RO          449    i.OutCRLF0          lab7grader.o
    0x000011b0   0x000011b0   0x0000007c   Code   RO          390    i.PLL_Init          pll.o
    0x0000122c   0x0000122c   0x00000094   Code   RO          450    i.PeriodicTask2_Init  lab7grader.o
    0x000012c0   0x000012c0   0x00000024   Code   RO          453    i.Random32          lab7grader.o
    0x000012e4   0x000012e4   0x00000120   Code   RO          103    i.ST7735_DrawBitmap  st7735.o
    0x00001404   0x00001404   0x000000f8   Code   RO          105    i.ST7735_DrawCharS  st7735.o
    0x000014fc   0x000014fc   0x00000048   Code   RO          109    i.ST7735_DrawPixel  st7735.o
    0x00001544   0x00001544   0x00000056   Code   RO          111    i.ST7735_DrawString  st7735.o
    0x0000159a   0x0000159a   0x00000002   PAD
    0x0000159c   0x0000159c   0x000000ac   Code   RO          112    i.ST7735_FillRect   st7735.o
    0x00001648   0x00001648   0x00000024   Code   RO          113    i.ST7735_FillScreen  st7735.o
    0x0000166c   0x0000166c   0x0000007c   Code   RO          115    i.ST7735_InitR      st7735.o
    0x000016e8   0x000016e8   0x000000d4   Code   RO          117    i.ST7735_OutChar    st7735.o
    0x000017bc   0x000017bc   0x00000084   Code   RO          118    i.ST7735_OutFix     st7735.o
    0x00001840   0x00001840   0x00000018   Code   RO          119    i.ST7735_OutString  st7735.o
    0x00001858   0x00001858   0x00000084   Code   RO          120    i.ST7735_OutUDec    st7735.o
    0x000018dc   0x000018dc   0x00000020   Code   RO          129    i.ST7735_SetCursor  st7735.o
    0x000018fc   0x000018fc   0x00000014   Code   RO          455    i.Scope             lab7grader.o
    0x00001910   0x00001910   0x000000a8   Code   RO          456    i.SetBit1           lab7grader.o
    0x000019b8   0x000019b8   0x00000250   Code   RO          457    i.TExaS_Init        lab7grader.o
    0x00001c08   0x00001c08   0x00000018   Code   RO          405    i.Timer3A_Handler   timer3a.o
    0x00001c20   0x00001c20   0x00000060   Code   RO          406    i.Timer3A_Init      timer3a.o
    0x00001c80   0x00001c80   0x00000018   Code   RO          407    i.Timer3A_Stop      timer3a.o
    0x00001c98   0x00001c98   0x00000018   Code   RO          459    i.Timer5A_Handler   lab7grader.o
    0x00001cb0   0x00001cb0   0x00000088   Code   RO          461    i.UART0_Init        lab7grader.o
    0x00001d38   0x00001d38   0x00000018   Code   RO          462    i.UART0_OutChar     lab7grader.o
    0x00001d50   0x00001d50   0x00000016   Code   RO          463    i.UART0_OutString   lab7grader.o
    0x00001d66   0x00001d66   0x0000002a   Code   RO          464    i.UART0_OutUDec     lab7grader.o
    0x00001d90   0x00001d90   0x00000016   Code   RO           66    i.Wait10ms          io.o
    0x00001da6   0x00001da6   0x0000000e   Code   RO          664    i.__scatterload_copy  mc_w.l(handlers.o)
    0x00001db4   0x00001db4   0x00000002   Code   RO          665    i.__scatterload_null  mc_w.l(handlers.o)
    0x00001db6   0x00001db6   0x0000000e   Code   RO          666    i.__scatterload_zeroinit  mc_w.l(handlers.o)
    0x00001dc4   0x00001dc4   0x00000056   Code   RO          133    i.commandList       st7735.o
    0x00001e1a   0x00001e1a   0x00000002   PAD
    0x00001e1c   0x00001e1c   0x00000188   Code   RO          134    i.commonInit        st7735.o
    0x00001fa4   0x00001fa4   0x000000b4   Code   RO           12    i.main              lab7main.o
    0x00002058   0x00002058   0x00000012   Code   RO          139    i.pushColor         st7735.o
    0x0000206a   0x0000206a   0x00000002   PAD
    0x0000206c   0x0000206c   0x00000074   Code   RO          140    i.setAddrWindow     st7735.o
    0x000020e0   0x000020e0   0x00000016   Code   RO          465    i.setUpper          lab7grader.o
    0x000020f6   0x000020f6   0x00000002   PAD
    0x000020f8   0x000020f8   0x0000001c   Code   RO          141    i.writecommand      st7735.o
    0x00002114   0x00002114   0x0000001c   Code   RO          142    i.writedata         st7735.o
    0x00002130   0x00002130   0x00003240   Data   RO           13    .constdata          lab7main.o
    0x00005370   0x00005370   0x00000842   Data   RO          144    .constdata          st7735.o
    0x00005bb2   0x00005bb2   0x00000002   PAD
    0x00005bb4   0x00005bb4   0x00000020   Data   RO          662    Region$$Table       anon$$obj.o


    Execution Region ER_RW (Exec base: 0x20000000, Load base: 0x00005bd4, Size: 0x00000068, Max: 0xffffffff, ABSOLUTE)

    Exec Addr    Load Addr    Size         Type   Attr      Idx    E Section Name        Object

    0x20000000   0x00005bd4   0x0000000e   Data   RW           14    .data               lab7main.o
    0x2000000e   0x00005be2   0x00000002   PAD
    0x20000010   0x00005be4   0x0000002c   Data   RW          145    .data               st7735.o
    0x2000003c   0x00005c10   0x00000004   Data   RW          408    .data               timer3a.o
    0x20000040   0x00005c14   0x00000024   Data   RW          467    .data               lab7grader.o
    0x20000064   0x00005c38   0x00000004   Data   RW          635    data                lab7graderwrapper.o


    Execution Region ER_ZI (Exec base: 0x20000068, Load base: 0x00005c3c, Size: 0x00000430, Max: 0xffffffff, ABSOLUTE)

    Exec Addr    Load Addr    Size         Type   Attr      Idx    E Section Name        Object

    0x20000068        -       0x0000000c   Zero   RW          143    .bss                st7735.o
    0x20000074        -       0x00000020   Zero   RW          466    .bss                lab7grader.o
    0x20000094   0x00005c3c   0x00000004   PAD
    0x20000098        -       0x00000400   Zero   RW            1    STACK               startup.o


==============================================================================

Image component sizes


      Code (inc. data)   RO Data    RW Data    ZI Data      Debug   Object Name

        72          2          0          0          0        256   busywait.o
       202         38          0          0          0       1975   io.o
      3594       1420          0         36         32      16181   lab7grader.o
       816          6          0          4          0        508   lab7graderwrapper.o
       180         54      12864         14          0       6089   lab7main.o
       124          4          0          0          0        455   pll.o
      2258        236       2114         44         12      15653   st7735.o
       672        622          0          0       1024        956   startup.o
       308          2          0          0          0        336   stringconversion.o
       144         40          0          4          0       5040   timer3a.o

    ----------------------------------------------------------------------
      8378       2424      15012        104       1072      47449   Object Totals
         0          0         32          0          0          0   (incl. Generated)
         8          0          2          2          4          0   (incl. Padding)

    ----------------------------------------------------------------------

      Code (inc. data)   RO Data    RW Data    ZI Data      Debug   Library Member Name

         0          0          0          0          0          0   entry.o
         0          0          0          0          0          0   entry10a.o
         0          0          0          0          0          0   entry11a.o
         4          0          0          0          0          0   entry12b.o
         8          4          0          0          0          0   entry2.o
         4          0          0          0          0          0   entry5.o
         0          0          0          0          0          0   entry7b.o
         0          0          0          0          0          0   entry8b.o
         8          4          0          0          0          0   entry9a.o
        30          0          0          0          0          0   handlers.o
        36          8          0          0          0         68   init.o
        28          0          0          0          0         76   strcmp.o

    ----------------------------------------------------------------------
       118         16          0          0          0        144   Library Totals
         0          0          0          0          0          0   (incl. Padding)

    ----------------------------------------------------------------------

      Code (inc. data)   RO Data    RW Data    ZI Data      Debug   Library Name

       118         16          0          0          0        144   mc_w.l

    ----------------------------------------------------------------------
       118         16          0          0          0        144   Library Totals

    ----------------------------------------------------------------------

==============================================================================


      Code (inc. data)   RO Data    RW Data    ZI Data      Debug   

      8496       2440      15012        104       1072      45301   Grand Totals
      8496       2440      15012        104       1072      45301   ELF Image Totals
      8496       2440      15012        104          0          0   ROM Totals

==============================================================================

    Total RO  Size (Code + RO Data)                23508 (  22.96kB)
    Total RW  Size (RW Data + ZI Data)              1176 (   1.15kB)
    Total ROM Size (Code + RO Data + RW Data)      23612 (  23.06kB)

==============================================================================

