


ARM Macro Assembler    Page 1 


    1 00000000         ;****************** Lab3.s ***************
    2 00000000         ; Program written by: Luigi Medrano & Quan Vo
    3 00000000         ; Date Created: 2/4/2017
    4 00000000         ; Last Modified: 9/22/2022
    5 00000000         ; Brief description of the program
    6 00000000         ;   The LED toggles at 2 Hz and a varying duty-cycle
    7 00000000         ; Hardware connections (External: Two buttons and one LE
                       D)
    8 00000000         ;  Change is Button input  (1 means pressed, 0 means not
                        pressed)
    9 00000000         ;  Breathe is Button input  (1 means pressed, 0 means no
                       t pressed)
   10 00000000         ;  LED is an output (1 activates external LED)
   11 00000000         ; Overall functionality of this system is to operate lik
                       e this
   12 00000000         ;   1) Make LED an output and make Change and Breathe in
                       puts.
   13 00000000         ;   2) The system starts with the the LED toggling at 2H
                       z,
   14 00000000         ;      which is 2 times per second with a duty-cycle of 
                       30%.
   15 00000000         ;      Therefore, the LED is ON for 150ms and off for 35
                       0 ms.
   16 00000000         ;   3) When the Change button is pressed-and-released in
                       crease
   17 00000000         ;      the duty cycle by 20% (modulo 100%). Therefore fo
                       r each
   18 00000000         ;      press-and-release the duty cycle changes from 30%
                        to 70% to 70%
   19 00000000         ;      to 90% to 10% to 30% so on
   20 00000000         ;   4) Implement a "breathing LED" when Breathe Switch i
                       s pressed:
   21 00000000         ; PortE device registers
   22 00000000 400243FC 
                       GPIO_PORTE_DATA_R
                               EQU              0x400243FC
   23 00000000 40024400 
                       GPIO_PORTE_DIR_R
                               EQU              0x40024400
   24 00000000 4002451C 
                       GPIO_PORTE_DEN_R
                               EQU              0x4002451C
   25 00000000 400FE608 
                       SYSCTL_RCGCGPIO_R
                               EQU              0x400FE608
   26 00000000         
   27 00000000                 IMPORT           TExaS_Init
   28 00000000                 THUMB
   29 00000000                 AREA             DATA, ALIGN=2
   30 00000000         ;global variables go here
   31 00000000 40024004 
                       PE0     EQU              0x40024004  ; positive-logic bu
                                                            tton input 
   32 00000000 40024020 
                       PE3     EQU              0x40024020  ; positive-logic LE
                                                            D output
   33 00000000 40024080 
                       PE5     EQU              0x40024080
   34 00000000                 AREA             |.text|, CODE, READONLY, ALIGN=



ARM Macro Assembler    Page 2 


2
   35 00000000                 THUMB
   36 00000000                 EXPORT           EID1
   37 00000000 4C 6D 34 
              35 35 36 
              32 00    EID1    DCB              "Lm45562",0 ;replace ABC123 wit
                                                            h your EID
   38 00000008                 EXPORT           EID2
   39 00000008 71 74 76 
              37 33 00 EID2    DCB              "qtv73",0   ;replace ABC123 wit
                                                            h your EID
   40 0000000E 00 00           ALIGN            4
   41 00000010         
   42 00000010                 EXPORT           Start
   43 00000010         
   44 00000010         Start
   45 00000010         ; TExaS_Init sets bus clock at 80 MHz, interrupts, ADC1,
                        TIMER3, TIMER5, and UART0
   46 00000010 F04F 0002       MOV              R0,#2       ;0 for TExaS oscill
                                                            oscope, 1 for PORTE
                                                             logic analyzer, 2 
                                                            for Lab3 grader, 3 
                                                            for none
   47 00000014 F7FF FFFE       BL               TExaS_Init  ;enables interrupts
                                                            , prints the pin se
                                                            lections based on E
                                                            ID1 EID2
   48 00000018         ; Your Initialization goes here
   49 00000018 485A            LDR              R0, =SYSCTL_RCGCGPIO_R ; loads 
                                                            clock to activate
   50 0000001A 6801            LDR              R1, [R0]
   51 0000001C F041 0110       ORR              R1, R1, #0x10 ;turns on clock f
                                                            or PORT E
   52 00000020 6001            STR              R1, [R0]
   53 00000022         
   54 00000022 BF00            NOP
   55 00000024 BF00            NOP                          ;waits for clock to
                                                             stabalize
   56 00000026         
   57 00000026         ;define inputs and outputs
   58 00000026 4858            LDR              R0, =GPIO_PORTE_DIR_R
   59 00000028 6801            LDR              R1, [R0]
   60 0000002A F041 0120       ORR              R1, #0x20   ; SET BIT 5
   61 0000002E F021 0109       BIC              R1, #0x09   ; PE 0 & 3 inputs
   62 00000032 6001            STR              R1, [R0]
   63 00000034         
   64 00000034         ;Digital enable outputs and inputs
   65 00000034 4855            LDR              R0, =GPIO_PORTE_DEN_R
   66 00000036 6801            LDR              R1, [R0]
   67 00000038 F041 0129       ORR              R1, #0x29   ;ENABLES ALL BITS N
                                                            EEDED TO BE ACTIVE
   68 0000003C 6001            STR              R1, [R0]
   69 0000003E         
   70 0000003E         
   71 0000003E         loop
   72 0000003E         ; main engine goes here
   73 0000003E 4854            LDR              R0,=GPIO_PORTE_DATA_R 
                                                            ;collects data
   74 00000040 4A54            LDR              R2, =7000000 ;      count for o



ARM Macro Assembler    Page 3 


                                                            ff time of LED. Can
                                                             be involked later.
                                                            
   75 00000042 4B55            LDR              R3, =3000000 ;      subtraction
                                                             value that can use
                                                            d throughout code (
                                                            300 count) while on
                                                            
   76 00000044 4C55            LDR              R4, =9000000 ;     ; maximum co
                                                            unt before resettin
                                                            g delay
   77 00000046 4E56            LDR              R6, =2000000 ;    ;will be the 
                                                            number to increment
                                                             by (20%)
   78 00000048         
   79 00000048 6801            LDR              R1, [R0]    ; load data into R1
                                                            
   80 0000004A F001 0101       AND              R1, R1, #0x01 ;isolate bit 0 fo
                                                            r PE0
   81 0000004E 2901            CMP              R1, #0x01   ;compare value of P
                                                            E0 to value 
   82 00000050 D01B            BEQ              changepressed ;if (PE0 is 1 == 
                                                            1 in 0th bit) then 
                                                            branch to changepre
                                                            ssed function
   83 00000052 6801            LDR              R1, [R0]    ;else(load data and
                                                             check again)
   84 00000054 F001 0108       AND              R1, R1, #0x08 ;isolates data fr
                                                            om pin PE3
   85 00000058 2908            CMP              R1, #0x08   ;compares data from
                                                             pin to value
   86 0000005A D042            BEQ              breathepressed ;if PE3 is a one
                                                             (meaning pressed) 
                                                            == 1 value then bra
                                                            nch to breathing fu
                                                            ncyion instead.
   87 0000005C         
   88 0000005C 6801            LDR              R1, [R0]    ;else run at standa
                                                            rd hz going by on a
                                                            nd off delay before
                                                             looping back to ch
                                                            eck buttons pressed
                                                             
   89 0000005E F041 0120       ORR              R1, #0x20   ;set bit PE5 to 1 t
                                                            o turn on LED.
   90 00000062 6001            STR              R1, [R0]
   91 00000064         delay_on_Orig                        ; start of delay wh
                                                            en turned on if no 
                                                            button pressed
   92 00000064 1E5B            SUBS             R3, R3, #1
   93 00000066 D1FD            BNE              delay_on_Orig
   94 00000068         
   95 00000068 6801            LDR              R1, [R0]
   96 0000006A F001 0101       AND              R1, R1, #0x01
   97 0000006E 2901            CMP              R1, #0x01
   98 00000070 D00B            BEQ              changepressed ; if PE0=1 the ch
                                                            ange button is pres
                                                            sed.
   99 00000072 6801            LDR              R1, [R0]



ARM Macro Assembler    Page 4 


  100 00000074 F001 0108       AND              R1, R1, #0x08
  101 00000078 2908            CMP              R1, #0x08
  102 0000007A D032            BEQ              breathepressed ; if PE3=1, logi
                                                            c high. breathe but
                                                            ton is pressed.
  103 0000007C         
  104 0000007C 6801            LDR              R1, [R0]    ; load data into R1
                                                            
  105 0000007E F021 0120       BIC              R1, #0x20
  106 00000082 6001            STR              R1, [R0]
  107 00000084         delay_off_Orig                       ;start of delay whe
                                                            n off  
  108 00000084 1E52            SUBS             R2, R2, #1
  109 00000086 D1FD            BNE              delay_off_Orig
  110 00000088 E7D9            B                loop
  111 0000008A         changepressed                        ; start this iterat
                                                            ion when the change
                                                             button (PE0) is pr
                                                            essed   
  112 0000008A 6801            LDR              R1, [R0]
  113 0000008C F001 0101       AND              R1, R1, #0x01
  114 00000090 2900            CMP              R1, #0
  115 00000092 D000            BEQ              change_released ; checks to see
                                                             if button PE0 is s
                                                            till pressed     
  116 00000094 E7F9            B                changepressed
  117 00000096         change_released                      ;if Change button i
                                                            s unpressed, branch
                                                             to this subroutine
                                                            .  
  118 00000096 6801            LDR              R1, [R0]
  119 00000098 F001 0108       AND              R1, R1, #0x08
  120 0000009C 2908            CMP              R1, #0x08
  121 0000009E D020            BEQ              breathepressed
  122 000000A0 EBA4 0503       SUB              R5, R4, R3
  123 000000A4 2D00            CMP              R5, #0
  124 000000A6 D06A            BEQ              reset
  125 000000A8 4433            ADD              R3, R3, R6
  126 000000AA EBA2 0206       SUB              R2, R2, R6
  127 000000AE         released
  128 000000AE 6801            LDR              R1, [R0]
  129 000000B0 F001 0108       AND              R1, R1, #0x08
  130 000000B4 2908            CMP              R1, #0x08
  131 000000B6 D014            BEQ              breathepressed
  132 000000B8 461F            MOV              R7, R3
  133 000000BA 4690            MOV              R8, R2
  134 000000BC 6801            LDR              R1, [R0]
  135 000000BE F001 0101       AND              R1, R1, #0x01
  136 000000C2 2901            CMP              R1, #0x01
  137 000000C4 D0E1            BEQ              changepressed
  138 000000C6 6801            LDR              R1, [R0]
  139 000000C8 F041 0120       ORR              R1, #0x20
  140 000000CC 6001            STR              R1, [R0]
  141 000000CE         delay_off_Release                    ;second delay befor
                                                            e returning back to
                                                             released loop 
  142 000000CE 1E7F            SUBS             R7, R7, #1
  143 000000D0 D1FD            BNE              delay_off_Release
  144 000000D2         



ARM Macro Assembler    Page 5 


  145 000000D2 6801            LDR              R1, [R0]
  146 000000D4 F021 0120       BIC              R1, #0x20
  147 000000D8 6001            STR              R1, [R0]
  148 000000DA         delay_on_Release
  149 000000DA F1B8 0801       SUBS             R8, R8, #1
  150 000000DE D1FC            BNE              delay_on_Release
  151 000000E0 E7E5            B                released
  152 000000E2         breathepressed                       ; goes through the 
                                                            different duty cycl
                                                            es that turn on and
                                                             off the LED
  153 000000E2 F04F 0300       LDR              R3, =0
  154 000000E6 4A2F            LDR              R2, =200000
  155 000000E8 4C2F            LDR              R4, =190000
  156 000000EA F242 7610       LDR              R6, =10000
  157 000000EE F04F 0906       LDR              R9, =6
  158 000000F2         breatheincrease                      ; Increases the bre
                                                            athpressed by loadi
                                                            ng in the cycle num
                                                            bers and checking p
                                                            in value
  159 000000F2 6801            LDR              R1, [R0]
  160 000000F4 F001 0101       AND              R1, R1, #0x01
  161 000000F8 2901            CMP              R1, #0x01
  162 000000FA D0C6            BEQ              changepressed
  163 000000FC 6801            LDR              R1, [R0]
  164 000000FE F001 0108       AND              R1, R1, #0x08
  165 00000102 2900            CMP              R1, #0
  166 00000104 D09B            BEQ              loop
  167 00000106 EBA4 0503       SUB              R5, R4, R3
  168 0000010A 2D00            CMP              R5, #0
  169 0000010C D016            BEQ              breathedecrease
  170 0000010E 4433            ADD              R3, R3, R6
  171 00000110 EBA2 0206       SUB              R2, R2, R6
  172 00000114 46CA            MOV              R10, R9
  173 00000116         increment_repeat                     ; continues the cyc
                                                            les for as long as 
                                                            pressed
  174 00000116 461F            MOV              R7, R3
  175 00000118 4690            MOV              R8, R2
  176 0000011A 6801            LDR              R1, [R0]
  177 0000011C F041 0120       ORR              R1, #0x20
  178 00000120 6001            STR              R1, [R0]
  179 00000122         delay_on_Breathe                     ;third delay for th
                                                            e repetition of bre
                                                            ath cycle
  180 00000122 1E7F            SUBS             R7, R7, #1
  181 00000124 D1FD            BNE              delay_on_Breathe
  182 00000126 6801            LDR              R1, [R0]
  183 00000128 F021 0120       BIC              R1, #0x20
  184 0000012C 6001            STR              R1, [R0]
  185 0000012E         delay_off_Breathe
  186 0000012E F1B8 0801       SUBS             R8, R8, #1
  187 00000132 D1FC            BNE              delay_off_Breathe
  188 00000134         
  189 00000134 F1BA 0A01       SUBS             R10, R10, #1
  190 00000138 D1ED            BNE              increment_repeat
  191 0000013A E7DA            B                breatheincrease
  192 0000013C         breathedecrease                      ;same as breathe in



ARM Macro Assembler    Page 6 


                                                            crease but to decre
                                                            ment breathe cycle 
                                                            to turn off LED
  193 0000013C 6801            LDR              R1, [R0]
  194 0000013E F001 0108       AND              R1, R1, #0x08
  195 00000142 2900            CMP              R1, #0
  196 00000144 F43F AF7B       BEQ              loop
  197 00000148 EBA4 0502       SUB              R5, R4, R2
  198 0000014C 2D00            CMP              R5, #0
  199 0000014E D0D0            BEQ              breatheincrease
  200 00000150 EBA3 0306       SUB              R3, R3, R6
  201 00000154 4432            ADD              R2, R2, R6
  202 00000156 46CA            MOV              R10, R9
  203 00000158         decrement_repeat
  204 00000158 461F            MOV              R7, R3
  205 0000015A 4690            MOV              R8, R2
  206 0000015C 6801            LDR              R1, [R0]
  207 0000015E F041 0120       ORR              R1, #0x20
  208 00000162 6001            STR              R1, [R0]
  209 00000164         delay_on_BreatheD
  210 00000164 1E7F            SUBS             R7, R7, #1
  211 00000166 D1FD            BNE              delay_on_BreatheD
  212 00000168         
  213 00000168 6801            LDR              R1, [R0]
  214 0000016A F021 0120       BIC              R1, #0x20
  215 0000016E 6001            STR              R1, [R0]
  216 00000170         delay_off_BreatheD
  217 00000170 F1B8 0801       SUBS             R8, R8, #1
  218 00000174 D1FC            BNE              delay_off_BreatheD
  219 00000176         
  220 00000176 F1BA 0A01       SUBS             R10, R10, #1
  221 0000017A D1ED            BNE              decrement_repeat
  222 0000017C E7DE            B                breathedecrease
  223 0000017E         reset
  224 0000017E 4B0B            LDR              R3, =1000000 ;resets the value 
                                                            back to 1000000 aft
                                                            er reaching 9000000
                                                                
  225 00000180 4A06            LDR              R2, =9000000
  226 00000182 E794            B                released
  227 00000184                 ALIGN                        ; make sure the end
                                                             of this section is
                                                             aligned
  228 00000184                 END                          ; end of file
              400FE608 
              40024400 
              4002451C 
              400243FC 
              006ACFC0 
              002DC6C0 
              00895440 
              001E8480 
              00030D40 
              0002E630 
              000F4240 
Command Line: --debug --xref --diag_suppress=9931 --cpu=Cortex-M4 --apcs=interw
ork --depend=.\lab3.d -o.\lab3.o -I.\RTE\_Lab3 -IC:\Users\luigi\AppData\Local\A
rm\Packs\ARM\CMSIS\5.9.0\CMSIS\Core\Include -IC:\Users\luigi\AppData\Local\Arm\
Packs\Keil\TM4C_DFP\1.1.0\Device\Include\TM4C123 --predefine="__EVAL SETA 1" --



ARM Macro Assembler    Page 7 


predefine="__UVISION_VERSION SETA 534" --predefine="_RTE_ SETA 1" --predefine="
TM4C123GH6PM SETA 1" --predefine="_RTE_ SETA 1" --list=.\lab3.lst Lab3.s



ARM Macro Assembler    Page 1 Alphabetic symbol ordering
Relocatable symbols

DATA 00000000

Symbol: DATA
   Definitions
      At line 29 in file Lab3.s
   Uses
      None
Comment: DATA unused
1 symbol



ARM Macro Assembler    Page 1 Alphabetic symbol ordering
Relocatable symbols

.text 00000000

Symbol: .text
   Definitions
      At line 34 in file Lab3.s
   Uses
      None
Comment: .text unused
EID1 00000000

Symbol: EID1
   Definitions
      At line 37 in file Lab3.s
   Uses
      At line 36 in file Lab3.s
Comment: EID1 used once
EID2 00000008

Symbol: EID2
   Definitions
      At line 39 in file Lab3.s
   Uses
      At line 38 in file Lab3.s
Comment: EID2 used once
Start 00000010

Symbol: Start
   Definitions
      At line 44 in file Lab3.s
   Uses
      At line 42 in file Lab3.s
Comment: Start used once
breathedecrease 0000013C

Symbol: breathedecrease
   Definitions
      At line 192 in file Lab3.s
   Uses
      At line 169 in file Lab3.s
      At line 222 in file Lab3.s

breatheincrease 000000F2

Symbol: breatheincrease
   Definitions
      At line 158 in file Lab3.s
   Uses
      At line 191 in file Lab3.s
      At line 199 in file Lab3.s

breathepressed 000000E2

Symbol: breathepressed
   Definitions
      At line 152 in file Lab3.s
   Uses
      At line 86 in file Lab3.s
      At line 102 in file Lab3.s
      At line 121 in file Lab3.s



ARM Macro Assembler    Page 2 Alphabetic symbol ordering
Relocatable symbols

      At line 131 in file Lab3.s

change_released 00000096

Symbol: change_released
   Definitions
      At line 117 in file Lab3.s
   Uses
      At line 115 in file Lab3.s
Comment: change_released used once
changepressed 0000008A

Symbol: changepressed
   Definitions
      At line 111 in file Lab3.s
   Uses
      At line 82 in file Lab3.s
      At line 98 in file Lab3.s
      At line 116 in file Lab3.s
      At line 137 in file Lab3.s
      At line 162 in file Lab3.s

decrement_repeat 00000158

Symbol: decrement_repeat
   Definitions
      At line 203 in file Lab3.s
   Uses
      At line 221 in file Lab3.s
Comment: decrement_repeat used once
delay_off_Breathe 0000012E

Symbol: delay_off_Breathe
   Definitions
      At line 185 in file Lab3.s
   Uses
      At line 187 in file Lab3.s
Comment: delay_off_Breathe used once
delay_off_BreatheD 00000170

Symbol: delay_off_BreatheD
   Definitions
      At line 216 in file Lab3.s
   Uses
      At line 218 in file Lab3.s
Comment: delay_off_BreatheD used once
delay_off_Orig 00000084

Symbol: delay_off_Orig
   Definitions
      At line 107 in file Lab3.s
   Uses
      At line 109 in file Lab3.s
Comment: delay_off_Orig used once
delay_off_Release 000000CE

Symbol: delay_off_Release
   Definitions
      At line 141 in file Lab3.s



ARM Macro Assembler    Page 3 Alphabetic symbol ordering
Relocatable symbols

   Uses
      At line 143 in file Lab3.s
Comment: delay_off_Release used once
delay_on_Breathe 00000122

Symbol: delay_on_Breathe
   Definitions
      At line 179 in file Lab3.s
   Uses
      At line 181 in file Lab3.s
Comment: delay_on_Breathe used once
delay_on_BreatheD 00000164

Symbol: delay_on_BreatheD
   Definitions
      At line 209 in file Lab3.s
   Uses
      At line 211 in file Lab3.s
Comment: delay_on_BreatheD used once
delay_on_Orig 00000064

Symbol: delay_on_Orig
   Definitions
      At line 91 in file Lab3.s
   Uses
      At line 93 in file Lab3.s
Comment: delay_on_Orig used once
delay_on_Release 000000DA

Symbol: delay_on_Release
   Definitions
      At line 148 in file Lab3.s
   Uses
      At line 150 in file Lab3.s
Comment: delay_on_Release used once
increment_repeat 00000116

Symbol: increment_repeat
   Definitions
      At line 173 in file Lab3.s
   Uses
      At line 190 in file Lab3.s
Comment: increment_repeat used once
loop 0000003E

Symbol: loop
   Definitions
      At line 71 in file Lab3.s
   Uses
      At line 110 in file Lab3.s
      At line 166 in file Lab3.s
      At line 196 in file Lab3.s

released 000000AE

Symbol: released
   Definitions
      At line 127 in file Lab3.s
   Uses



ARM Macro Assembler    Page 4 Alphabetic symbol ordering
Relocatable symbols

      At line 151 in file Lab3.s
      At line 226 in file Lab3.s

reset 0000017E

Symbol: reset
   Definitions
      At line 223 in file Lab3.s
   Uses
      At line 124 in file Lab3.s
Comment: reset used once
22 symbols



ARM Macro Assembler    Page 1 Alphabetic symbol ordering
Absolute symbols

GPIO_PORTE_DATA_R 400243FC

Symbol: GPIO_PORTE_DATA_R
   Definitions
      At line 22 in file Lab3.s
   Uses
      At line 73 in file Lab3.s
Comment: GPIO_PORTE_DATA_R used once
GPIO_PORTE_DEN_R 4002451C

Symbol: GPIO_PORTE_DEN_R
   Definitions
      At line 24 in file Lab3.s
   Uses
      At line 65 in file Lab3.s
Comment: GPIO_PORTE_DEN_R used once
GPIO_PORTE_DIR_R 40024400

Symbol: GPIO_PORTE_DIR_R
   Definitions
      At line 23 in file Lab3.s
   Uses
      At line 58 in file Lab3.s
Comment: GPIO_PORTE_DIR_R used once
PE0 40024004

Symbol: PE0
   Definitions
      At line 31 in file Lab3.s
   Uses
      None
Comment: PE0 unused
PE3 40024020

Symbol: PE3
   Definitions
      At line 32 in file Lab3.s
   Uses
      None
Comment: PE3 unused
PE5 40024080

Symbol: PE5
   Definitions
      At line 33 in file Lab3.s
   Uses
      None
Comment: PE5 unused
SYSCTL_RCGCGPIO_R 400FE608

Symbol: SYSCTL_RCGCGPIO_R
   Definitions
      At line 25 in file Lab3.s
   Uses
      At line 49 in file Lab3.s
Comment: SYSCTL_RCGCGPIO_R used once
7 symbols



ARM Macro Assembler    Page 1 Alphabetic symbol ordering
External symbols

TExaS_Init 00000000

Symbol: TExaS_Init
   Definitions
      At line 27 in file Lab3.s
   Uses
      At line 47 in file Lab3.s
Comment: TExaS_Init used once
1 symbol
367 symbols in table
